../Core/Src/main.c:95:6:HAL_UARTEx_RxEventCallback	24	static
../Core/Src/main.c:135:5:check_main_buf	32	static
../Core/Src/main.c:151:5:modder	16	static
../Core/Src/main.c:156:6:get_oxygen_params	32	static
../Core/Src/main.c:175:5:electrode_power_status	8	static
../Core/Src/main.c:180:6:power_electrodes	16	static
../Core/Src/main.c:193:6:HAL_ADC_ConvCpltCallback	16	static
../Core/Src/main.c:216:5:main	16	static
../Core/Src/main.c:344:6:SystemClock_Config	88	static
../Core/Src/main.c:390:13:MX_ADC1_Init	24	static
../Core/Src/main.c:442:13:MX_USART2_UART_Init	8	static
../Core/Src/main.c:473:13:MX_DMA_Init	16	static
../Core/Src/main.c:495:13:MX_GPIO_Init	48	static
../Core/Src/main.c:545:6:Error_Handler	4	static,ignoring_inline_asm
